PERIOD,HAS_MESSAGED,SLACK_JOINERS,YTD_SUM,MAX_FOR_MONTH,POP_1MTH,RATIO_TO_1_MONTH_AGO,AVG_3MTH,ROLLING_SUM_3_MONTH
2021-01-01,FALSE,0,0,0,0,,0.000,0
2021-01-01,TRUE,1,1,1,1,,0.333,1
2021-02-01,FALSE,0,0,0,0,,0.000,0
2021-02-01,TRUE,1,2,1,0,1,0.666,2
2021-03-01,FALSE,0,0,0,0,,0.000,0
2021-03-01,TRUE,0,2,0,-1,0,0.666,2
2021-04-01,FALSE,2,2,2,2,,0.666,2
2021-04-01,TRUE,0,2,0,0,,0.333,1